Archive member included to satisfy reference by file (symbol)

out/lpc4337_m4/libbase.a(cr_startup_lpc43xx.o)
                              (ResetISR)
out/lpc4337_m4/libbase.a(sysinit.o)
                              out/lpc4337_m4/libbase.a(cr_startup_lpc43xx.o) (SystemInit)
out/lpc4337_m4/libboard.a(board.o)
                              out/lpc4337_m4/obj/main.o (Board_Init)
out/lpc4337_m4/libboard.a(board_sysinit.o)
                              out/lpc4337_m4/libbase.a(sysinit.o) (Board_SystemInit)
out/lpc4337_m4/libsapi_rtos.a(sapi_uart.o)
                              out/lpc4337_m4/obj/DiC_OS_Tasks.o (uartConfig)
out/lpc4337_m4/libsapi_rtos.a(sapi_gpio.o)
                              out/lpc4337_m4/obj/DiC_OS_Tasks.o (gpioWrite)
out/lpc4337_m4/libchip.a(sysinit_18xx_43xx.o)
                              out/lpc4337_m4/libboard.a(board_sysinit.o) (Chip_SetupCoreClock)
out/lpc4337_m4/libchip.a(fpu_init.o)
                              out/lpc4337_m4/libbase.a(sysinit.o) (fpuInit)
out/lpc4337_m4/libchip.a(uart_18xx_43xx.o)
                              out/lpc4337_m4/libboard.a(board.o) (Chip_UART_Init)
out/lpc4337_m4/libchip.a(ring_buffer.o)
                              out/lpc4337_m4/libchip.a(uart_18xx_43xx.o) (RingBuffer_Insert)
out/lpc4337_m4/libchip.a(clock_18xx_43xx.o)
                              out/lpc4337_m4/libchip.a(sysinit_18xx_43xx.o) (Chip_Clock_EnableCrystal)
out/lpc4337_m4/libchip.a(chip_18xx_43xx.o)
                              out/lpc4337_m4/obj/main.o (SystemCoreClock)
out/lpc4337_m4/libchip.a(gpio_18xx_43xx.o)
                              out/lpc4337_m4/libboard.a(board.o) (Chip_GPIO_Init)
/home/jaco/CIAA/gcc-arm-none-eabi-7-2018-q2-update/bin/../lib/gcc/arm-none-eabi/7.3.1/thumb/v7e-m/fpv4-sp/softfp/libgcc.a(_aeabi_uldivmod.o)
                              out/lpc4337_m4/libchip.a(uart_18xx_43xx.o) (__aeabi_uldivmod)
/home/jaco/CIAA/gcc-arm-none-eabi-7-2018-q2-update/bin/../lib/gcc/arm-none-eabi/7.3.1/thumb/v7e-m/fpv4-sp/softfp/libgcc.a(_udivmoddi4.o)
                              /home/jaco/CIAA/gcc-arm-none-eabi-7-2018-q2-update/bin/../lib/gcc/arm-none-eabi/7.3.1/thumb/v7e-m/fpv4-sp/softfp/libgcc.a(_aeabi_uldivmod.o) (__udivmoddi4)
/home/jaco/CIAA/gcc-arm-none-eabi-7-2018-q2-update/bin/../lib/gcc/arm-none-eabi/7.3.1/thumb/v7e-m/fpv4-sp/softfp/libgcc.a(_dvmd_tls.o)
                              /home/jaco/CIAA/gcc-arm-none-eabi-7-2018-q2-update/bin/../lib/gcc/arm-none-eabi/7.3.1/thumb/v7e-m/fpv4-sp/softfp/libgcc.a(_aeabi_uldivmod.o) (__aeabi_ldiv0)
/home/jaco/CIAA/gcc-arm-none-eabi-7-2018-q2-update/bin/../lib/gcc/arm-none-eabi/7.3.1/../../../../arm-none-eabi/lib/thumb/v7e-m/fpv4-sp/softfp/libc.a(lib_a-memcpy.o)
                              out/lpc4337_m4/libchip.a(ring_buffer.o) (memcpy)
/home/jaco/CIAA/gcc-arm-none-eabi-7-2018-q2-update/bin/../lib/gcc/arm-none-eabi/7.3.1/../../../../arm-none-eabi/lib/thumb/v7e-m/fpv4-sp/softfp/libc.a(lib_a-memset.o)
                              out/lpc4337_m4/libchip.a(clock_18xx_43xx.o) (memset)

Allocating common symbols
Common symbol       size              file

semTEC1             0x8               out/lpc4337_m4/obj/main.o
SystemCoreClock     0x4               out/lpc4337_m4/libchip.a(chip_18xx_43xx.o)
ticksRisingTEC2     0x4               out/lpc4337_m4/obj/main.o
msg1                0x14              out/lpc4337_m4/obj/main.o
ticksRisingTEC1     0x4               out/lpc4337_m4/obj/main.o
statusTEC2          0x1               out/lpc4337_m4/obj/main.o
osHandlerVector     0xd4              out/lpc4337_m4/obj/DiC_OS_Interrupts.o
colorLED            0x1               out/lpc4337_m4/obj/main.o
charTon             0x14              out/lpc4337_m4/obj/main.o
ticksFallingTEC1    0x4               out/lpc4337_m4/obj/main.o
semTEC2             0x8               out/lpc4337_m4/obj/main.o
taskStructure_2     0x110             out/lpc4337_m4/obj/main.o
register1_global    0x1               out/lpc4337_m4/obj/main.o
endTEC2             0x8               out/lpc4337_m4/obj/main.o
taskStructure_1     0x110             out/lpc4337_m4/obj/main.o
ticksFallingTEC2    0x4               out/lpc4337_m4/obj/main.o
endTEC1             0x8               out/lpc4337_m4/obj/main.o
statusTEC1          0x1               out/lpc4337_m4/obj/main.o
taskStructure_0     0x110             out/lpc4337_m4/obj/main.o

Discarded input sections

 .group         0x0000000000000000        0xc out/lpc4337_m4/obj/DiC_OS_Kernel.o
 .group         0x0000000000000000        0xc out/lpc4337_m4/obj/DiC_OS_Kernel.o
 .group         0x0000000000000000        0xc out/lpc4337_m4/obj/DiC_OS_Kernel.o
 .group         0x0000000000000000        0xc out/lpc4337_m4/obj/DiC_OS_Kernel.o
 .group         0x0000000000000000        0xc out/lpc4337_m4/obj/DiC_OS_Kernel.o
 .group         0x0000000000000000        0xc out/lpc4337_m4/obj/DiC_OS_Kernel.o
 .group         0x0000000000000000        0xc out/lpc4337_m4/obj/DiC_OS_Kernel.o
[...]
Memory Configuration

Name             Origin             Length             Attributes
MFlashA512       0x000000001a000000 0x0000000000080000 xr
MFlashB512       0x000000001b000000 0x0000000000080000 xr
RamLoc32         0x0000000010000000 0x0000000000008000 xrw
RamLoc40         0x0000000010080000 0x000000000000a000 xrw
RamAHB32         0x0000000020000000 0x0000000000008000 xrw
RamAHB16         0x0000000020008000 0x0000000000004000 xrw
RamAHB_ETB16     0x000000002000c000 0x0000000000004000 xrw
*default*        0x0000000000000000 0xffffffffffffffff

Linker script and memory map

LOAD out/lpc4337_m4/obj/DiC_OS_Kernel.o
LOAD out/lpc4337_m4/obj/main.o
LOAD out/lpc4337_m4/obj/DiC_OS_Interrupts.o
LOAD out/lpc4337_m4/obj/DiC_OS_API.o
LOAD out/lpc4337_m4/obj/DiC_OS_Tasks.o
LOAD out/lpc4337_m4/obj/PendSV_Handler.o
LOAD out/lpc4337_m4/libbase.a
LOAD out/lpc4337_m4/libboard.a
LOAD out/lpc4337_m4/libsapi_rtos.a
LOAD out/lpc4337_m4/libchip.a
START GROUP
LOAD /home/jaco/CIAA/gcc-arm-none-eabi-7-2018-q2-update/bin/../lib/gcc/arm-none-eabi/7.3.1/thumb/v7e-m/fpv4-sp/softfp/libgcc.a
LOAD /home/jaco/CIAA/gcc-arm-none-eabi-7-2018-q2-update/bin/../lib/gcc/arm-none-eabi/7.3.1/../../../../arm-none-eabi/lib/thumb/v7e-m/fpv4-sp/softfp/libc.a
LOAD /home/jaco/CIAA/gcc-arm-none-eabi-7-2018-q2-update/bin/../lib/gcc/arm-none-eabi/7.3.1/../../../../arm-none-eabi/lib/thumb/v7e-m/fpv4-sp/softfp/libm.a
END GROUP
                0x000000001a080000                __top_MFlashA512 = 0x1a080000
                0x000000001b080000                __top_MFlashB512 = 0x1b080000
                0x0000000010008000                __top_RamLoc32 = 0x10008000
                0x000000001008a000                __top_RamLoc40 = 0x1008a000
                0x0000000020008000                __top_RamAHB32 = 0x20008000
                0x000000002000c000                __top_RamAHB16 = 0x2000c000
                0x0000000020010000                __top_RamAHB_ETB16 = 0x20010000

.text_Flash2    0x000000001b000000        0x0
 FILL mask 0xff
                0x000000001b000000                __core_m0app_START__ = .
 *(.core_m0app)
 *(.core_m0app.data_*)
 *(.core_m0app.data)
                0x000000001b000000                __core_m0app_END__ = .
 *(.text_Flash2*)
 *(.text_MFlashB512*)
 *(.text.$Flash2*)
 *(.text.$MFlashB512*)
 *(.rodata.$Flash2*)
 *(.rodata.$MFlashB512*)

.text           0x000000001a000000     0x33e0
 FILL mask 0xff
                0x000000001a000000                __vectors_start__ = ABSOLUTE (.)
 *(.isr_vector)
 .isr_vector    0x000000001a000000      0x114 out/lpc4337_m4/libbase.a(cr_startup_lpc43xx.o)
                0x000000001a000000                g_pfnVectors
                0x000000001a000114                . = ALIGN (0x4)
                0x000000001a000114                __section_table_start = .
                0x000000001a000114                __data_section_table = .
                0x000000001a000114        0x4 LONG 0x1a0033e0 LOADADDR (.data)
                0x000000001a000118        0x4 LONG 0x10000000 ADDR (.data)
                0x000000001a00011c        0x4 LONG 0x0 SIZEOF (.data)
                0x000000001a000120        0x4 LONG 0x1a0033e0 LOADADDR (.data_RAM2)
                0x000000001a000124        0x4 LONG 0x10080000 ADDR (.data_RAM2)
                0x000000001a000128        0x4 LONG 0x0 SIZEOF (.data_RAM2)
                0x000000001a00012c        0x4 LONG 0x1a0033e0 LOADADDR (.data_RAM3)
                0x000000001a000130        0x4 LONG 0x20000000 ADDR (.data_RAM3)
                0x000000001a000134        0x4 LONG 0x0 SIZEOF (.data_RAM3)
                0x000000001a000138        0x4 LONG 0x1a0033e0 LOADADDR (.data_RAM4)
                0x000000001a00013c        0x4 LONG 0x20008000 ADDR (.data_RAM4)
                0x000000001a000140        0x4 LONG 0x0 SIZEOF (.data_RAM4)
                0x000000001a000144        0x4 LONG 0x1a0033e0 LOADADDR (.data_RAM5)
                0x000000001a000148        0x4 LONG 0x2000c000 ADDR (.data_RAM5)
                0x000000001a00014c        0x4 LONG 0x0 SIZEOF (.data_RAM5)
                0x000000001a000150                __data_section_table_end = .
                0x000000001a000150                __bss_section_table = .
                0x000000001a000150        0x4 LONG 0x10000000 ADDR (.bss)
                0x000000001a000154        0x4 LONG 0x64c SIZEOF (.bss)
                0x000000001a000158        0x4 LONG 0x10080000 ADDR (.bss_RAM2)
                0x000000001a00015c        0x4 LONG 0x0 SIZEOF (.bss_RAM2)
                0x000000001a000160        0x4 LONG 0x20000000 ADDR (.bss_RAM3)
                0x000000001a000164        0x4 LONG 0x0 SIZEOF (.bss_RAM3)
                0x000000001a000168        0x4 LONG 0x20008000 ADDR (.bss_RAM4)
                0x000000001a00016c        0x4 LONG 0x0 SIZEOF (.bss_RAM4)
                0x000000001a000170        0x4 LONG 0x2000c000 ADDR (.bss_RAM5)
                0x000000001a000174        0x4 LONG 0x0 SIZEOF (.bss_RAM5)
                0x000000001a000178                __bss_section_table_end = .
                0x000000001a000178                __section_table_end = .
 *(.after_vectors*)
 .after_vectors
                0x000000001a000178       0xb8 out/lpc4337_m4/libbase.a(cr_startup_lpc43xx.o)
                0x000000001a000178                data_init
                0x000000001a0001bc                bss_init
                0x000000001a0001f4                NMI_Handler
                0x000000001a0001fa                HardFault_Handler
                0x000000001a000200                MemManage_Handler
                0x000000001a000206                BusFault_Handler
                0x000000001a00020c                UsageFault_Handler
                0x000000001a000212                SVC_Handler
                0x000000001a000218                DebugMon_Handler
                0x000000001a00022a                IntDefaultHandler
                0x00000000000002fc                . = 0x2fc
 *fill*         0x000000001a000230       0xcc ff
                0x000000001a0002fc                PROVIDE (__CRP_WORD_START__ = .)
 *(.crp)
 .crp           0x000000001a0002fc        0x4 out/lpc4337_m4/libbase.a(cr_startup_lpc43xx.o)
                0x000000001a0002fc                CRP_WORD
                0x000000001a000300                PROVIDE (__CRP_WORD_END__ = .)
                0x0000000000000001                ASSERT (! ((__CRP_WORD_START__ == __CRP_WORD_END__)), Linker CRP Enabled, but no CRP_WORD provided within application)
 *(.text*)
 .text.NVIC_SetPriority
                0x000000001a000300       0x54 out/lpc4337_m4/obj/DiC_OS_Kernel.o
 .text.tickHook
                0x000000001a000354       0x10 out/lpc4337_m4/obj/DiC_OS_Kernel.o
                0x000000001a000354                tickHook
 .text.taskIdle
                0x000000001a000364        0x8 out/lpc4337_m4/obj/DiC_OS_Kernel.o
                0x000000001a000364                taskIdle
 .text.returnHook
                0x000000001a00036c        0x6 out/lpc4337_m4/obj/DiC_OS_Kernel.o
                0x000000001a00036c                returnHook
 *fill*         0x000000001a000372        0x2 ff
 .text.createTask
                0x000000001a000374       0xb8 out/lpc4337_m4/obj/DiC_OS_Kernel.o
                0x000000001a000374                createTask
 .text.os_Init  0x000000001a00042c      0x130 out/lpc4337_m4/obj/DiC_OS_Kernel.o
                0x000000001a00042c                os_Init
 .text.scheduler
                0x000000001a00055c      0x120 out/lpc4337_m4/obj/DiC_OS_Kernel.o
 .text.selectTasks
                0x000000001a00067c       0xec out/lpc4337_m4/obj/DiC_OS_Kernel.o
                0x000000001a00067c                selectTasks
 .text.getFirstTask
                0x000000001a000768       0x60 out/lpc4337_m4/obj/DiC_OS_Kernel.o
                0x000000001a000768                getFirstTask
 .text.initIndexTasks
                0x000000001a0007c8       0x32 out/lpc4337_m4/obj/DiC_OS_Kernel.o
                0x000000001a0007c8                initIndexTasks
 *fill*         0x000000001a0007fa        0x2 ff
 .text.checkTasksTiks
                0x000000001a0007fc       0xd8 out/lpc4337_m4/obj/DiC_OS_Kernel.o
                0x000000001a0007fc                checkTasksTiks
 .text.nTaskBlocked
                0x000000001a0008d4       0xf4 out/lpc4337_m4/obj/DiC_OS_Kernel.o
                0x000000001a0008d4                nTaskBlocked
 .text.SysTick_Handler
                0x000000001a0009c8       0x18 out/lpc4337_m4/obj/DiC_OS_Kernel.o
                0x000000001a0009c8                SysTick_Handler
 .text.getNextContext
                0x000000001a0009e0       0x98 out/lpc4337_m4/obj/DiC_OS_Kernel.o
                0x000000001a0009e0                getNextContext
 .text.initTaskIdle
                0x000000001a000a78       0x6c out/lpc4337_m4/obj/DiC_OS_Kernel.o
 .text.os_getCurrentTask
                0x000000001a000ae4       0x18 out/lpc4337_m4/obj/DiC_OS_Kernel.o
                0x000000001a000ae4                os_getCurrentTask
 .text.CpuYield
                0x000000001a000afc        0xc out/lpc4337_m4/obj/DiC_OS_Kernel.o
                0x000000001a000afc                CpuYield
 .text.triggerPendSV
                0x000000001a000b08       0x30 out/lpc4337_m4/obj/DiC_OS_Kernel.o
 .text.getTicksFromOS
                0x000000001a000b38       0x18 out/lpc4337_m4/obj/DiC_OS_Kernel.o
                0x000000001a000b38                getTicksFromOS
 .text.setTicksOS
                0x000000001a000b50       0x20 out/lpc4337_m4/obj/DiC_OS_Kernel.o
                0x000000001a000b50                setTicksOS
 .text.initTicksFromOS
                0x000000001a000b70       0x1c out/lpc4337_m4/obj/DiC_OS_Kernel.o
                0x000000001a000b70                initTicksFromOS
 .text.NVIC_SetPriority
                0x000000001a000b8c       0x54 out/lpc4337_m4/obj/main.o
 .text.SysTick_Config
                0x000000001a000be0       0x44 out/lpc4337_m4/obj/main.o
 .text.initHardware
                0x000000001a000c24       0x2c out/lpc4337_m4/obj/main.o
 .text.main     0x000000001a000c50       0x6c out/lpc4337_m4/obj/main.o
                0x000000001a000c50                main
 .text.NVIC_EnableIRQ
                0x000000001a000cbc       0x34 out/lpc4337_m4/obj/DiC_OS_Interrupts.o
 .text.NVIC_ClearPendingIRQ
                0x000000001a000cf0       0x34 out/lpc4337_m4/obj/DiC_OS_Interrupts.o
 .text.NVIC_SetPriority
                0x000000001a000d24       0x54 out/lpc4337_m4/obj/DiC_OS_Interrupts.o
 .text.addingInterrupt
                0x000000001a000d78       0x48 out/lpc4337_m4/obj/DiC_OS_Interrupts.o
                0x000000001a000d78                addingInterrupt
 .text.os_IRQHandler
                0x000000001a000dc0       0x20 out/lpc4337_m4/obj/DiC_OS_Interrupts.o
                0x000000001a000dc0                os_IRQHandler
 .text.DAC_IRQHandler
                0x000000001a000de0        0xe out/lpc4337_m4/obj/DiC_OS_Interrupts.o
                0x000000001a000de0                DAC_IRQHandler
 .text.M0APP_IRQHandler
                0x000000001a000dee        0xe out/lpc4337_m4/obj/DiC_OS_Interrupts.o
                0x000000001a000dee                M0APP_IRQHandler
 .text.DMA_IRQHandler
                0x000000001a000dfc        0xe out/lpc4337_m4/obj/DiC_OS_Interrupts.o
                0x000000001a000dfc                DMA_IRQHandler
 .text.FLASH_EEPROM_IRQHandler
                0x000000001a000e0a        0xe out/lpc4337_m4/obj/DiC_OS_Interrupts.o
                0x000000001a000e0a                FLASH_EEPROM_IRQHandler
 .text.ETH_IRQHandler
                0x000000001a000e18        0xe out/lpc4337_m4/obj/DiC_OS_Interrupts.o
                0x000000001a000e18                ETH_IRQHandler
 .text.SDIO_IRQHandler
                0x000000001a000e26        0xe out/lpc4337_m4/obj/DiC_OS_Interrupts.o
                0x000000001a000e26                SDIO_IRQHandler
 .text.LCD_IRQHandler
                0x000000001a000e34        0xe out/lpc4337_m4/obj/DiC_OS_Interrupts.o
                0x000000001a000e34                LCD_IRQHandler
 .text.USB0_IRQHandler
                0x000000001a000e42        0xe out/lpc4337_m4/obj/DiC_OS_Interrupts.o
                0x000000001a000e42                USB0_IRQHandler
 .text.USB1_IRQHandler
                0x000000001a000e50        0xe out/lpc4337_m4/obj/DiC_OS_Interrupts.o
                0x000000001a000e50                USB1_IRQHandler
 .text.SCT_IRQHandler
                0x000000001a000e5e        0xe out/lpc4337_m4/obj/DiC_OS_Interrupts.o
                0x000000001a000e5e                SCT_IRQHandler
 .text.RIT_IRQHandler
                0x000000001a000e6c        0xe out/lpc4337_m4/obj/DiC_OS_Interrupts.o
                0x000000001a000e6c                RIT_IRQHandler
 .text.TIMER0_IRQHandler
                0x000000001a000e7a        0xe out/lpc4337_m4/obj/DiC_OS_Interrupts.o
                0x000000001a000e7a                TIMER0_IRQHandler
 .text.TIMER1_IRQHandler
                0x000000001a000e88        0xe out/lpc4337_m4/obj/DiC_OS_Interrupts.o
                0x000000001a000e88                TIMER1_IRQHandler
 .text.TIMER2_IRQHandler
                0x000000001a000e96        0xe out/lpc4337_m4/obj/DiC_OS_Interrupts.o
                0x000000001a000e96                TIMER2_IRQHandler
 .text.TIMER3_IRQHandler
                0x000000001a000ea4        0xe out/lpc4337_m4/obj/DiC_OS_Interrupts.o
                0x000000001a000ea4                TIMER3_IRQHandler
 .text.MCPWM_IRQHandler
                0x000000001a000eb2        0xe out/lpc4337_m4/obj/DiC_OS_Interrupts.o
                0x000000001a000eb2                MCPWM_IRQHandler
 .text.ADC0_IRQHandler
                0x000000001a000ec0        0xe out/lpc4337_m4/obj/DiC_OS_Interrupts.o
                0x000000001a000ec0                ADC0_IRQHandler
 .text.I2C0_IRQHandler
                0x000000001a000ece        0xe out/lpc4337_m4/obj/DiC_OS_Interrupts.o
                0x000000001a000ece                I2C0_IRQHandler
 .text.SPI_IRQHandler
                0x000000001a000edc        0xe out/lpc4337_m4/obj/DiC_OS_Interrupts.o
                0x000000001a000edc                SPI_IRQHandler
 .text.I2C1_IRQHandler
                0x000000001a000eea        0xe out/lpc4337_m4/obj/DiC_OS_Interrupts.o
                0x000000001a000eea                I2C1_IRQHandler
 .text.ADC1_IRQHandler
                0x000000001a000ef8        0xe out/lpc4337_m4/obj/DiC_OS_Interrupts.o
                0x000000001a000ef8                ADC1_IRQHandler
 .text.SSP0_IRQHandler
                0x000000001a000f06        0xe out/lpc4337_m4/obj/DiC_OS_Interrupts.o
                0x000000001a000f06                SSP0_IRQHandler
 .text.SSP1_IRQHandler
                0x000000001a000f14        0xe out/lpc4337_m4/obj/DiC_OS_Interrupts.o
                0x000000001a000f14                SSP1_IRQHandler
 .text.UART0_IRQHandler
                0x000000001a000f22        0xe out/lpc4337_m4/obj/DiC_OS_Interrupts.o
                0x000000001a000f22                UART0_IRQHandler
 .text.UART1_IRQHandler
                0x000000001a000f30        0xe out/lpc4337_m4/obj/DiC_OS_Interrupts.o
                0x000000001a000f30                UART1_IRQHandler
 .text.UART2_IRQHandler
                0x000000001a000f3e        0xe out/lpc4337_m4/obj/DiC_OS_Interrupts.o
                0x000000001a000f3e                UART2_IRQHandler
 .text.UART3_IRQHandler
                0x000000001a000f4c        0xe out/lpc4337_m4/obj/DiC_OS_Interrupts.o
                0x000000001a000f4c                UART3_IRQHandler
 .text.I2S0_IRQHandler
                0x000000001a000f5a        0xe out/lpc4337_m4/obj/DiC_OS_Interrupts.o
                0x000000001a000f5a                I2S0_IRQHandler
 .text.I2S1_IRQHandler
                0x000000001a000f68        0xe out/lpc4337_m4/obj/DiC_OS_Interrupts.o
                0x000000001a000f68                I2S1_IRQHandler
 .text.SPIFI_IRQHandler
                0x000000001a000f76        0xe out/lpc4337_m4/obj/DiC_OS_Interrupts.o
                0x000000001a000f76                SPIFI_IRQHandler
 .text.SGPIO_IRQHandler
                0x000000001a000f84        0xe out/lpc4337_m4/obj/DiC_OS_Interrupts.o
                0x000000001a000f84                SGPIO_IRQHandler
 .text.GPIO0_IRQHandler
                0x000000001a000f92        0xe out/lpc4337_m4/obj/DiC_OS_Interrupts.o
                0x000000001a000f92                GPIO0_IRQHandler
 .text.GPIO1_IRQHandler
                0x000000001a000fa0        0xe out/lpc4337_m4/obj/DiC_OS_Interrupts.o
                0x000000001a000fa0                GPIO1_IRQHandler
 .text.GPIO2_IRQHandler
                0x000000001a000fae        0xe out/lpc4337_m4/obj/DiC_OS_Interrupts.o
                0x000000001a000fae                GPIO2_IRQHandler
 .text.GPIO3_IRQHandler
                0x000000001a000fbc        0xe out/lpc4337_m4/obj/DiC_OS_Interrupts.o
                0x000000001a000fbc                GPIO3_IRQHandler
 .text.GPIO4_IRQHandler
                0x000000001a000fca        0xe out/lpc4337_m4/obj/DiC_OS_Interrupts.o
                0x000000001a000fca                GPIO4_IRQHandler
 .text.GPIO5_IRQHandler
                0x000000001a000fd8        0xe out/lpc4337_m4/obj/DiC_OS_Interrupts.o
                0x000000001a000fd8                GPIO5_IRQHandler
 .text.GPIO6_IRQHandler
                0x000000001a000fe6        0xe out/lpc4337_m4/obj/DiC_OS_Interrupts.o
                0x000000001a000fe6                GPIO6_IRQHandler
 .text.GPIO7_IRQHandler
                0x000000001a000ff4        0xe out/lpc4337_m4/obj/DiC_OS_Interrupts.o
                0x000000001a000ff4                GPIO7_IRQHandler
 .text.GINT0_IRQHandler
                0x000000001a001002        0xe out/lpc4337_m4/obj/DiC_OS_Interrupts.o
                0x000000001a001002                GINT0_IRQHandler
 .text.GINT1_IRQHandler
                0x000000001a001010        0xe out/lpc4337_m4/obj/DiC_OS_Interrupts.o
                0x000000001a001010                GINT1_IRQHandler
 .text.EVRT_IRQHandler
                0x000000001a00101e        0xe out/lpc4337_m4/obj/DiC_OS_Interrupts.o
                0x000000001a00101e                EVRT_IRQHandler
 .text.CAN1_IRQHandler
                0x000000001a00102c        0xe out/lpc4337_m4/obj/DiC_OS_Interrupts.o
                0x000000001a00102c                CAN1_IRQHandler
 .text.ADCHS_IRQHandler
                0x000000001a00103a        0xe out/lpc4337_m4/obj/DiC_OS_Interrupts.o
                0x000000001a00103a                ADCHS_IRQHandler
 .text.ATIMER_IRQHandler
                0x000000001a001048        0xe out/lpc4337_m4/obj/DiC_OS_Interrupts.o
                0x000000001a001048                ATIMER_IRQHandler
 .text.RTC_IRQHandler
                0x000000001a001056        0xe out/lpc4337_m4/obj/DiC_OS_Interrupts.o
                0x000000001a001056                RTC_IRQHandler
 .text.WDT_IRQHandler
                0x000000001a001064        0xe out/lpc4337_m4/obj/DiC_OS_Interrupts.o
                0x000000001a001064                WDT_IRQHandler
 .text.M0SUB_IRQHandler
                0x000000001a001072        0xe out/lpc4337_m4/obj/DiC_OS_Interrupts.o
                0x000000001a001072                M0SUB_IRQHandler
 .text.CAN0_IRQHandler
                0x000000001a001080        0xe out/lpc4337_m4/obj/DiC_OS_Interrupts.o
                0x000000001a001080                CAN0_IRQHandler
 .text.QEI_IRQHandler
                0x000000001a00108e        0xe out/lpc4337_m4/obj/DiC_OS_Interrupts.o
                0x000000001a00108e                QEI_IRQHandler
 .text.os_Delay
                0x000000001a00109c       0x58 out/lpc4337_m4/obj/DiC_OS_API.o
                0x000000001a00109c                os_Delay
 .text.semInit  0x000000001a0010f4       0x20 out/lpc4337_m4/obj/DiC_OS_API.o
                0x000000001a0010f4                semInit
 .text.semTake  0x000000001a001114       0x58 out/lpc4337_m4/obj/DiC_OS_API.o
                0x000000001a001114                semTake
 .text.semGive  0x000000001a00116c       0x40 out/lpc4337_m4/obj/DiC_OS_API.o
                0x000000001a00116c                semGive
 .text.Chip_SCU_GPIOIntPinSel
                0x000000001a0011ac       0x74 out/lpc4337_m4/obj/DiC_OS_Tasks.o
 .text.Chip_PININT_SetPinModeEdge
                0x000000001a001220       0x24 out/lpc4337_m4/obj/DiC_OS_Tasks.o
 .text.Chip_PININT_EnableIntHigh
                0x000000001a001244       0x1c out/lpc4337_m4/obj/DiC_OS_Tasks.o
 .text.Chip_PININT_EnableIntLow
                0x000000001a001260       0x1c out/lpc4337_m4/obj/DiC_OS_Tasks.o
 .text.Chip_PININT_ClearIntStatus
                0x000000001a00127c       0x1c out/lpc4337_m4/obj/DiC_OS_Tasks.o
 .text.Task_0   0x000000001a001298       0xa8 out/lpc4337_m4/obj/DiC_OS_Tasks.o
                0x000000001a001298                Task_0
 .text.Task_1   0x000000001a001340       0xa8 out/lpc4337_m4/obj/DiC_OS_Tasks.o
                0x000000001a001340                Task_1
 .text.Task_2   0x000000001a0013e8      0x174 out/lpc4337_m4/obj/DiC_OS_Tasks.o
                0x000000001a0013e8                Task_2
 .text.TEC1_Handler
                0x000000001a00155c       0x20 out/lpc4337_m4/obj/DiC_OS_Tasks.o
                0x000000001a00155c                TEC1_Handler
 .text.TEC2_Handler
                0x000000001a00157c       0x20 out/lpc4337_m4/obj/DiC_OS_Tasks.o
                0x000000001a00157c                TEC2_Handler
 .text.printMessages
                0x000000001a00159c       0xb4 out/lpc4337_m4/obj/DiC_OS_Tasks.o
                0x000000001a00159c                printMessages
 .text.sendDataTimeUART
                0x000000001a001650       0xbc out/lpc4337_m4/obj/DiC_OS_Tasks.o
                0x000000001a001650                sendDataTimeUART
 .text.itoa     0x000000001a00170c       0xac out/lpc4337_m4/obj/DiC_OS_Tasks.o
                0x000000001a00170c                itoa
 .text          0x000000001a0017b8       0x2a out/lpc4337_m4/obj/PendSV_Handler.o
                0x000000001a0017b8                PendSV_Handler
 *fill*         0x000000001a0017e2        0x2 ff
 .text.ResetISR
                0x000000001a0017e4       0xc4 out/lpc4337_m4/libbase.a(cr_startup_lpc43xx.o)
                0x000000001a0017e4                ResetISR
 .text.SystemInit
                0x000000001a0018a8       0x28 out/lpc4337_m4/libbase.a(sysinit.o)
                0x000000001a0018a8                SystemInit
 .text.Chip_SCU_PinMuxSet
                0x000000001a0018d0       0x34 out/lpc4337_m4/libboard.a(board.o)
 .text.Chip_SCU_PinMux
                0x000000001a001904       0x3a out/lpc4337_m4/libboard.a(board.o)
 .text.Chip_SCU_SetPinMuxing
                0x000000001a00193e       0x4a out/lpc4337_m4/libboard.a(board.o)
 .text.Chip_ENET_RMIIEnable
                0x000000001a001988       0x28 out/lpc4337_m4/libboard.a(board.o)
 .text.Chip_GPIO_SetPinState
                0x000000001a0019b0       0x38 out/lpc4337_m4/libboard.a(board.o)
 .text.Chip_GPIO_SetPinDIROutput
                0x000000001a0019e8       0x3e out/lpc4337_m4/libboard.a(board.o)
 .text.Chip_GPIO_SetPinDIRInput
                0x000000001a001a26       0x40 out/lpc4337_m4/libboard.a(board.o)
 .text.Chip_GPIO_ClearValue
                0x000000001a001a66       0x28 out/lpc4337_m4/libboard.a(board.o)
 *fill*         0x000000001a001a8e        0x2 ff
 .text.Board_LED_Init
                0x000000001a001a90       0xa0 out/lpc4337_m4/libboard.a(board.o)
 .text.Board_Buttons_Init
                0x000000001a001b30       0x5c out/lpc4337_m4/libboard.a(board.o)
                0x000000001a001b30                Board_Buttons_Init
 .text.Board_Init
                0x000000001a001b8c       0x58 out/lpc4337_m4/libboard.a(board.o)
                0x000000001a001b8c                Board_Init
 .text.Chip_SCU_PinMuxSet
                0x000000001a001be4       0x34 out/lpc4337_m4/libboard.a(board_sysinit.o)
 .text.Chip_SCU_SetPinMuxing
                0x000000001a001c18       0x4a out/lpc4337_m4/libboard.a(board_sysinit.o)
 *fill*         0x000000001a001c62        0x2 ff
 .text.Board_SetupMuxing
                0x000000001a001c64       0x20 out/lpc4337_m4/libboard.a(board_sysinit.o)
                0x000000001a001c64                Board_SetupMuxing
 .text.Board_SystemInit
                0x000000001a001c84       0x10 out/lpc4337_m4/libboard.a(board_sysinit.o)
                0x000000001a001c84                Board_SystemInit
 .text.Chip_SCU_PinMuxSet
                0x000000001a001c94       0x34 out/lpc4337_m4/libsapi_rtos.a(sapi_uart.o)
 .text.Chip_SCU_PinMux
                0x000000001a001cc8       0x3a out/lpc4337_m4/libsapi_rtos.a(sapi_uart.o)
 .text.Chip_UART_TXEnable
                0x000000001a001d02       0x1a out/lpc4337_m4/libsapi_rtos.a(sapi_uart.o)
 .text.Chip_UART_SendByte
                0x000000001a001d1c       0x1e out/lpc4337_m4/libsapi_rtos.a(sapi_uart.o)
 .text.Chip_UART_ReadByte
                0x000000001a001d3a       0x1a out/lpc4337_m4/libsapi_rtos.a(sapi_uart.o)
 .text.Chip_UART_SetupFIFOS
                0x000000001a001d54       0x1c out/lpc4337_m4/libsapi_rtos.a(sapi_uart.o)
 .text.Chip_UART_ReadLineStatus
                0x000000001a001d70       0x18 out/lpc4337_m4/libsapi_rtos.a(sapi_uart.o)
 .text.Chip_UART_SetRS485Flags
                0x000000001a001d88       0x22 out/lpc4337_m4/libsapi_rtos.a(sapi_uart.o)
 *fill*         0x000000001a001daa        0x2 ff
 .text.uartTxReady
                0x000000001a001dac       0x38 out/lpc4337_m4/libsapi_rtos.a(sapi_uart.o)
                0x000000001a001dac                uartTxReady
 .text.uartTxWrite
                0x000000001a001de4       0x38 out/lpc4337_m4/libsapi_rtos.a(sapi_uart.o)
                0x000000001a001de4                uartTxWrite
 .text.uartConfig
                0x000000001a001e1c      0x124 out/lpc4337_m4/libsapi_rtos.a(sapi_uart.o)
                0x000000001a001e1c                uartConfig
 .text.uartWriteByte
                0x000000001a001f40       0x34 out/lpc4337_m4/libsapi_rtos.a(sapi_uart.o)
                0x000000001a001f40                uartWriteByte
 .text.uartWriteString
                0x000000001a001f74       0x32 out/lpc4337_m4/libsapi_rtos.a(sapi_uart.o)
                0x000000001a001f74                uartWriteString
 .text.Chip_GPIO_SetPinState
                0x000000001a001fa6       0x38 out/lpc4337_m4/libsapi_rtos.a(sapi_gpio.o)
 *fill*         0x000000001a001fde        0x2 ff
 .text.gpioObtainPinConfig
                0x000000001a001fe0       0x8c out/lpc4337_m4/libsapi_rtos.a(sapi_gpio.o)
 .text.gpioWrite
                0x000000001a00206c       0x74 out/lpc4337_m4/libsapi_rtos.a(sapi_gpio.o)
                0x000000001a00206c                gpioWrite
 .text.Chip_Clock_DisableMainPLL
                0x000000001a0020e0       0x20 out/lpc4337_m4/libchip.a(sysinit_18xx_43xx.o)
 .text.Chip_Clock_SetupMainPLL
                0x000000001a002100       0x44 out/lpc4337_m4/libchip.a(sysinit_18xx_43xx.o)
 .text.Chip_Clock_MainPLLLocked
                0x000000001a002144       0x24 out/lpc4337_m4/libchip.a(sysinit_18xx_43xx.o)
 .text.Chip_SetupCoreClock
                0x000000001a002168      0x15c out/lpc4337_m4/libchip.a(sysinit_18xx_43xx.o)
                0x000000001a002168                Chip_SetupCoreClock
 .text.Chip_SetupXtalClocking
                0x000000001a0022c4       0x18 out/lpc4337_m4/libchip.a(sysinit_18xx_43xx.o)
                0x000000001a0022c4                Chip_SetupXtalClocking
 .text.fpuInit  0x000000001a0022dc       0x74 out/lpc4337_m4/libchip.a(fpu_init.o)
                0x000000001a0022dc                fpuInit
 .text.Chip_UART_TXDisable
                0x000000001a002350       0x1a out/lpc4337_m4/libchip.a(uart_18xx_43xx.o)
 .text.Chip_UART_SetupFIFOS
                0x000000001a00236a       0x1c out/lpc4337_m4/libchip.a(uart_18xx_43xx.o)
 .text.Chip_UART_ConfigData
                0x000000001a002386       0x1c out/lpc4337_m4/libchip.a(uart_18xx_43xx.o)
 .text.Chip_UART_EnableDivisorAccess
                0x000000001a0023a2       0x20 out/lpc4337_m4/libchip.a(uart_18xx_43xx.o)
 .text.Chip_UART_DisableDivisorAccess
                0x000000001a0023c2       0x20 out/lpc4337_m4/libchip.a(uart_18xx_43xx.o)
 .text.Chip_UART_SetDivisorLatches
                0x000000001a0023e2       0x28 out/lpc4337_m4/libchip.a(uart_18xx_43xx.o)
 *fill*         0x000000001a00240a        0x2 ff
 .text.Chip_UART_GetIndex
                0x000000001a00240c       0x60 out/lpc4337_m4/libchip.a(uart_18xx_43xx.o)
 .text.Chip_UART_Init
                0x000000001a00246c       0x88 out/lpc4337_m4/libchip.a(uart_18xx_43xx.o)
                0x000000001a00246c                Chip_UART_Init
 .text.Chip_UART_SetBaud
                0x000000001a0024f4       0x6c out/lpc4337_m4/libchip.a(uart_18xx_43xx.o)
                0x000000001a0024f4                Chip_UART_SetBaud
 .text.ABS      0x000000001a002560       0x22 out/lpc4337_m4/libchip.a(clock_18xx_43xx.o)
 *fill*         0x000000001a002582        0x2 ff
 .text.pll_calc_divs
                0x000000001a002584      0x124 out/lpc4337_m4/libchip.a(clock_18xx_43xx.o)
 .text.pll_get_frac
                0x000000001a0026a8      0x176 out/lpc4337_m4/libchip.a(clock_18xx_43xx.o)
 .text.Chip_Clock_GetDivRate
                0x000000001a00281e       0x40 out/lpc4337_m4/libchip.a(clock_18xx_43xx.o)
 *fill*         0x000000001a00285e        0x2 ff
 .text.Chip_Clock_FindBaseClock
                0x000000001a002860       0x90 out/lpc4337_m4/libchip.a(clock_18xx_43xx.o)
 .text.Chip_Clock_EnableCrystal
                0x000000001a0028f0       0x70 out/lpc4337_m4/libchip.a(clock_18xx_43xx.o)
                0x000000001a0028f0                Chip_Clock_EnableCrystal
 .text.Chip_Clock_CalcMainPLLValue
                0x000000001a002960       0xd8 out/lpc4337_m4/libchip.a(clock_18xx_43xx.o)
                0x000000001a002960                Chip_Clock_CalcMainPLLValue
 .text.Chip_Clock_GetMainPLLHz
                0x000000001a002a38       0xc0 out/lpc4337_m4/libchip.a(clock_18xx_43xx.o)
                0x000000001a002a38                Chip_Clock_GetMainPLLHz
 .text.Chip_Clock_GetDividerSource
                0x000000001a002af8       0x40 out/lpc4337_m4/libchip.a(clock_18xx_43xx.o)
                0x000000001a002af8                Chip_Clock_GetDividerSource
 .text.Chip_Clock_GetDividerDivisor
                0x000000001a002b38       0x38 out/lpc4337_m4/libchip.a(clock_18xx_43xx.o)
                0x000000001a002b38                Chip_Clock_GetDividerDivisor
 .text.Chip_Clock_GetClockInputHz
                0x000000001a002b70      0x140 out/lpc4337_m4/libchip.a(clock_18xx_43xx.o)
                0x000000001a002b70                Chip_Clock_GetClockInputHz
 .text.Chip_Clock_GetBaseClocktHz
                0x000000001a002cb0       0x24 out/lpc4337_m4/libchip.a(clock_18xx_43xx.o)
                0x000000001a002cb0                Chip_Clock_GetBaseClocktHz
 .text.Chip_Clock_SetBaseClock
                0x000000001a002cd4       0x9c out/lpc4337_m4/libchip.a(clock_18xx_43xx.o)
                0x000000001a002cd4                Chip_Clock_SetBaseClock
 .text.Chip_Clock_GetBaseClock
                0x000000001a002d70       0x4c out/lpc4337_m4/libchip.a(clock_18xx_43xx.o)
                0x000000001a002d70                Chip_Clock_GetBaseClock
 .text.Chip_Clock_EnableOpts
                0x000000001a002dbc       0x7c out/lpc4337_m4/libchip.a(clock_18xx_43xx.o)
                0x000000001a002dbc                Chip_Clock_EnableOpts
 .text.Chip_Clock_GetRate
                0x000000001a002e38       0x88 out/lpc4337_m4/libchip.a(clock_18xx_43xx.o)
                0x000000001a002e38                Chip_Clock_GetRate
 .text.SystemCoreClockUpdate
                0x000000001a002ec0       0x18 out/lpc4337_m4/libchip.a(chip_18xx_43xx.o)
                0x000000001a002ec0                SystemCoreClockUpdate
 .text.Chip_GPIO_Init
                0x000000001a002ed8       0x14 out/lpc4337_m4/libchip.a(gpio_18xx_43xx.o)
                0x000000001a002ed8                Chip_GPIO_Init
 .text.Chip_GPIO_SetDir
                0x000000001a002eec       0x62 out/lpc4337_m4/libchip.a(gpio_18xx_43xx.o)
                0x000000001a002eec                Chip_GPIO_SetDir
 *fill*         0x000000001a002f4e        0x2 ff
 .text.memset   0x000000001a002f50       0x94 /home/jaco/CIAA/gcc-arm-none-eabi-7-2018-q2-update/bin/../lib/gcc/arm-none-eabi/7.3.1/../../../../arm-none-eabi/lib/thumb/v7e-m/fpv4-sp/softfp/libc.a(lib_a-memset.o)
                0x000000001a002f50                memset
 *(.rodata .rodata.* .constdata .constdata.*)
 .rodata        0x000000001a002fe4      0x148 out/lpc4337_m4/obj/DiC_OS_Tasks.o
 .rodata.ExtRateIn
                0x000000001a00312c        0x4 out/lpc4337_m4/libboard.a(board.o)
                0x000000001a00312c                ExtRateIn
 .rodata.OscRateIn
                0x000000001a003130        0x4 out/lpc4337_m4/libboard.a(board.o)
                0x000000001a003130                OscRateIn
 .rodata.gpioBtnBits
                0x000000001a003134        0x8 out/lpc4337_m4/libboard.a(board.o)
 .rodata        0x000000001a00313c       0x16 out/lpc4337_m4/libboard.a(board.o)
 *fill*         0x000000001a003152        0x2 ff
 .rodata.spifipinmuxing
                0x000000001a003154       0x18 out/lpc4337_m4/libboard.a(board_sysinit.o)
 .rodata.pinmuxing
                0x000000001a00316c       0x24 out/lpc4337_m4/libboard.a(board_sysinit.o)
 .rodata.lpcUarts
                0x000000001a003190       0x48 out/lpc4337_m4/libsapi_rtos.a(sapi_uart.o)
 .rodata.gpioPinsConfig
                0x000000001a0031d8      0x136 out/lpc4337_m4/libsapi_rtos.a(sapi_gpio.o)
                0x000000001a0031d8                gpioPinsConfig
 *fill*         0x000000001a00330e        0x2 ff
 .rodata.InitClkStates
                0x000000001a003310       0x48 out/lpc4337_m4/libchip.a(sysinit_18xx_43xx.o)
 .rodata.UART_PClock
                0x000000001a003358        0x8 out/lpc4337_m4/libchip.a(uart_18xx_43xx.o)
 .rodata.UART_BClock
                0x000000001a003360        0x8 out/lpc4337_m4/libchip.a(uart_18xx_43xx.o)
 .rodata.periph_to_base
                0x000000001a003368       0x6c out/lpc4337_m4/libchip.a(clock_18xx_43xx.o)
 .rodata        0x000000001a0033d4        0xa out/lpc4337_m4/libchip.a(clock_18xx_43xx.o)
                0x000000001a0033e0                . = ALIGN (0x4)
 *fill*         0x000000001a0033de        0x2 ff

.glue_7         0x000000001a0033e0        0x0
 .glue_7        0x000000001a0033e0        0x0 linker stubs

.glue_7t        0x000000001a0033e0        0x0
 .glue_7t       0x000000001a0033e0        0x0 linker stubs

.vfp11_veneer   0x000000001a0033e0        0x0
 .vfp11_veneer  0x000000001a0033e0        0x0 linker stubs

.v4_bx          0x000000001a0033e0        0x0
 .v4_bx         0x000000001a0033e0        0x0 linker stubs

.iplt           0x000000001a0033e0        0x0
 .iplt          0x000000001a0033e0        0x0 out/lpc4337_m4/obj/DiC_OS_Kernel.o

.rel.dyn        0x000000001a0033e0        0x0
 .rel.iplt      0x000000001a0033e0        0x0 out/lpc4337_m4/obj/DiC_OS_Kernel.o

.ARM.extab
 *(.ARM.extab* .gnu.linkonce.armextab.*)
                0x000000001a0033e0                __exidx_start = .

.ARM.exidx
 *(.ARM.exidx* .gnu.linkonce.armexidx.*)
                0x000000001a0033e0                __exidx_end = .
                0x000000001a0033e0                _etext = .

.data_RAM2      0x0000000010080000        0x0 load address 0x000000001a0033e0
 FILL mask 0xff
                [!provide]                        PROVIDE (__start_data_RAM2 = .)
 *(.ramfunc.$RAM2)
 *(.ramfunc.$RamLoc40)
 *(.data.$RAM2*)
 *(.data.$RamLoc40*)
                0x0000000010080000                . = ALIGN (0x4)
                [!provide]                        PROVIDE (__end_data_RAM2 = .)

.data_RAM3      0x0000000020000000        0x0 load address 0x000000001a0033e0
 FILL mask 0xff
                [!provide]                        PROVIDE (__start_data_RAM3 = .)
 *(.ramfunc.$RAM3)
 *(.ramfunc.$RamAHB32)
 *(.data.$RAM3*)
 *(.data.$RamAHB32*)
                0x0000000020000000                . = ALIGN (0x4)
                [!provide]                        PROVIDE (__end_data_RAM3 = .)

.data_RAM4      0x0000000020008000        0x0 load address 0x000000001a0033e0
 FILL mask 0xff
                [!provide]                        PROVIDE (__start_data_RAM4 = .)
 *(.ramfunc.$RAM4)
 *(.ramfunc.$RamAHB16)
 *(.data.$RAM4*)
 *(.data.$RamAHB16*)
                0x0000000020008000                . = ALIGN (0x4)
                [!provide]                        PROVIDE (__end_data_RAM4 = .)

.data_RAM5      0x000000002000c000        0x0 load address 0x000000001a0033e0
 FILL mask 0xff
                [!provide]                        PROVIDE (__start_data_RAM5 = .)
 *(.ramfunc.$RAM5)
 *(.ramfunc.$RamAHB_ETB16)
 *(.data.$RAM5*)
 *(.data.$RamAHB_ETB16*)
                0x000000002000c000                . = ALIGN (0x4)
                [!provide]                        PROVIDE (__end_data_RAM5 = .)

.uninit_RESERVED
                0x0000000010000000        0x0
 *(.bss.$RESERVED*)
                0x0000000010000000                . = ALIGN (0x4)
                0x0000000010000000                _end_uninit_RESERVED = .

.data           0x0000000010000000        0x0 load address 0x000000001a0033e0
 FILL mask 0xff
                0x0000000010000000                _data = .
 *(vtable)
 *(.ramfunc*)
 *(.data*)
                0x0000000010000000                . = ALIGN (0x4)
                0x0000000010000000                _edata = .

.igot.plt       0x0000000010000000        0x0 load address 0x000000001a0033e0
 .igot.plt      0x0000000010000000        0x0 out/lpc4337_m4/obj/DiC_OS_Kernel.o

.bss_RAM2       0x0000000010080000        0x0
                [!provide]                        PROVIDE (__start_bss_RAM2 = .)
 *(.bss.$RAM2*)
 *(.bss.$RamLoc40*)
                0x0000000010080000                . = ALIGN (0x4)
                [!provide]                        PROVIDE (__end_bss_RAM2 = .)

.bss_RAM3       0x0000000020000000        0x0
                [!provide]                        PROVIDE (__start_bss_RAM3 = .)
 *(.bss.$RAM3*)
 *(.bss.$RamAHB32*)
                0x0000000020000000                . = ALIGN (0x4)
                [!provide]                        PROVIDE (__end_bss_RAM3 = .)

.bss_RAM4       0x0000000020008000        0x0
                [!provide]                        PROVIDE (__start_bss_RAM4 = .)
 *(.bss.$RAM4*)
 *(.bss.$RamAHB16*)
                0x0000000020008000                . = ALIGN (0x4)
                [!provide]                        PROVIDE (__end_bss_RAM4 = .)

.bss_RAM5       0x000000002000c000        0x0
                [!provide]                        PROVIDE (__start_bss_RAM5 = .)
 *(.bss.$RAM5*)
 *(.bss.$RamAHB_ETB16*)
                0x000000002000c000                . = ALIGN (0x4)
                [!provide]                        PROVIDE (__end_bss_RAM5 = .)

.bss            0x0000000010000000      0x64c
                0x0000000010000000                _bss = .
 *(.bss*)
 .bss.controlOS
                0x0000000010000000       0xbc out/lpc4337_m4/obj/DiC_OS_Kernel.o
 .bss.taskIdleStructure
                0x00000000100000bc      0x110 out/lpc4337_m4/obj/DiC_OS_Kernel.o
 .bss.id.11664  0x00000000100001cc        0x1 out/lpc4337_m4/obj/DiC_OS_Kernel.o
 .bss.TaskPriortbExec.11690
                0x00000000100001cd        0x1 out/lpc4337_m4/obj/DiC_OS_Kernel.o
 *fill*         0x00000000100001ce        0x2 
 .bss.idx_tasks.11691
                0x00000000100001d0        0x4 out/lpc4337_m4/obj/DiC_OS_Kernel.o
 .bss.idx.11689
                0x00000000100001d4        0x1 out/lpc4337_m4/obj/DiC_OS_Kernel.o
 *fill*         0x00000000100001d5        0x3 
 .bss.audio_usb_pll_freq
                0x00000000100001d8        0x8 out/lpc4337_m4/libchip.a(clock_18xx_43xx.o)
 *(COMMON)
 COMMON         0x00000000100001e0      0x394 out/lpc4337_m4/obj/main.o
                0x00000000100001e0                semTEC1
                0x00000000100001e8                ticksRisingTEC2
                0x00000000100001ec                msg1
                0x0000000010000200                ticksRisingTEC1
                0x0000000010000204                statusTEC2
                0x0000000010000205                colorLED
                0x0000000010000208                charTon
                0x000000001000021c                ticksFallingTEC1
                0x0000000010000220                semTEC2
                0x0000000010000228                taskStructure_2
                0x0000000010000338                register1_global
                0x000000001000033c                endTEC2
                0x0000000010000344                taskStructure_1
                0x0000000010000454                ticksFallingTEC2
                0x0000000010000458                endTEC1
                0x0000000010000460                statusTEC1
                0x0000000010000464                taskStructure_0
 COMMON         0x0000000010000574       0xd4 out/lpc4337_m4/obj/DiC_OS_Interrupts.o
                0x0000000010000574                osHandlerVector
 COMMON         0x0000000010000648        0x4 out/lpc4337_m4/libchip.a(chip_18xx_43xx.o)
                0x0000000010000648                SystemCoreClock
                0x000000001000064c                . = ALIGN (0x4)
                0x000000001000064c                _ebss = .
                [!provide]                        PROVIDE (end = .)

.noinit_RAM2    0x0000000010080000        0x0
 *(.noinit.$RAM2*)
 *(.noinit.$RamLoc40*)
                0x0000000010080000                . = ALIGN (0x4)

.noinit_RAM3    0x0000000020000000        0x0
 *(.noinit.$RAM3*)
 *(.noinit.$RamAHB32*)
                0x0000000020000000                . = ALIGN (0x4)

.noinit_RAM4    0x0000000020008000        0x0
 *(.noinit.$RAM4*)
 *(.noinit.$RamAHB16*)
                0x0000000020008000                . = ALIGN (0x4)

.noinit_RAM5    0x000000002000c000        0x0
 *(.noinit.$RAM5*)
 *(.noinit.$RamAHB_ETB16*)
                0x000000002000c000                . = ALIGN (0x4)

.noinit         0x000000001000064c        0x0
                0x000000001000064c                _noinit = .
 *(.noinit*)
                0x000000001000064c                . = ALIGN (0x4)
                0x000000001000064c                _end_noinit = .
                [!provide]                        PROVIDE (_pvHeapStart = DEFINED (__user_heap_base)?__user_heap_base:.)
                0x0000000010007fe0                PROVIDE (_vStackTop = DEFINED (__user_stack_top)?__user_stack_top:(__top_RamLoc32 - 0x20))
                [!provide]                        PROVIDE (__valid_user_code_checksum = (0x0 - ((((((_vStackTop + (ResetISR + 0x1)) + (NMI_Handler + 0x1)) + (HardFault_Handler + 0x1)) + (DEFINED (MemManage_Handler)?MemManage_Handler:0x0 + 0x1)) + (DEFINED (BusFault_Handler)?BusFault_Handler:0x0 + 0x1)) + (DEFINED (UsageFault_Handler)?UsageFault_Handler:0x0 + 0x1))))
OUTPUT(out/lpc4337_m4/DiCOS.axf elf32-littlearm)

.debug_info     0x0000000000000000    0x11acc
 .debug_info    0x0000000000000000     0x1848 out/lpc4337_m4/obj/DiC_OS_Kernel.o
 .debug_info    0x0000000000001848     0x1672 out/lpc4337_m4/obj/main.o
 .debug_info    0x0000000000002eba     0x16f7 out/lpc4337_m4/obj/DiC_OS_Interrupts.o
 .debug_info    0x00000000000045b1      0xd42 out/lpc4337_m4/obj/DiC_OS_API.o
 .debug_info    0x00000000000052f3     0x18f6 out/lpc4337_m4/obj/DiC_OS_Tasks.o
 .debug_info    0x0000000000006be9       0x26 out/lpc4337_m4/obj/PendSV_Handler.o
 .debug_info    0x0000000000006c0f      0x2af out/lpc4337_m4/libbase.a(cr_startup_lpc43xx.o)
 .debug_info    0x0000000000006ebe      0x934 out/lpc4337_m4/libbase.a(sysinit.o)
 .debug_info    0x00000000000077f2     0x1ef1 out/lpc4337_m4/libboard.a(board.o)
 .debug_info    0x00000000000096e3     0x13ac out/lpc4337_m4/libboard.a(board_sysinit.o)
 .debug_info    0x000000000000aa8f     0x1a46 out/lpc4337_m4/libsapi_rtos.a(sapi_uart.o)
 .debug_info    0x000000000000c4d5     0x162a out/lpc4337_m4/libsapi_rtos.a(sapi_gpio.o)
 .debug_info    0x000000000000daff      0x93b out/lpc4337_m4/libchip.a(sysinit_18xx_43xx.o)
 .debug_info    0x000000000000e43a      0x137 out/lpc4337_m4/libchip.a(fpu_init.o)
 .debug_info    0x000000000000e571     0x10f8 out/lpc4337_m4/libchip.a(uart_18xx_43xx.o)
 .debug_info    0x000000000000f669     0x15af out/lpc4337_m4/libchip.a(clock_18xx_43xx.o)
 .debug_info    0x0000000000010c18      0xa61 out/lpc4337_m4/libchip.a(chip_18xx_43xx.o)
 .debug_info    0x0000000000011679      0x453 out/lpc4337_m4/libchip.a(gpio_18xx_43xx.o)

.debug_abbrev   0x0000000000000000     0x282d
 .debug_abbrev  0x0000000000000000      0x3de out/lpc4337_m4/obj/DiC_OS_Kernel.o
 .debug_abbrev  0x00000000000003de      0x29b out/lpc4337_m4/obj/main.o
 .debug_abbrev  0x0000000000000679      0x2b3 out/lpc4337_m4/obj/DiC_OS_Interrupts.o
 .debug_abbrev  0x000000000000092c      0x23d out/lpc4337_m4/obj/DiC_OS_API.o
 .debug_abbrev  0x0000000000000b69      0x2e5 out/lpc4337_m4/obj/DiC_OS_Tasks.o
 .debug_abbrev  0x0000000000000e4e       0x14 out/lpc4337_m4/obj/PendSV_Handler.o
 .debug_abbrev  0x0000000000000e62      0x11d out/lpc4337_m4/libbase.a(cr_startup_lpc43xx.o)
 .debug_abbrev  0x0000000000000f7f      0x1c0 out/lpc4337_m4/libbase.a(sysinit.o)
 .debug_abbrev  0x000000000000113f      0x3e1 out/lpc4337_m4/libboard.a(board.o)
 .debug_abbrev  0x0000000000001520      0x278 out/lpc4337_m4/libboard.a(board_sysinit.o)
 .debug_abbrev  0x0000000000001798      0x316 out/lpc4337_m4/libsapi_rtos.a(sapi_uart.o)
 .debug_abbrev  0x0000000000001aae      0x2f7 out/lpc4337_m4/libsapi_rtos.a(sapi_gpio.o)
 .debug_abbrev  0x0000000000001da5      0x1a3 out/lpc4337_m4/libchip.a(sysinit_18xx_43xx.o)
 .debug_abbrev  0x0000000000001f48       0x84 out/lpc4337_m4/libchip.a(fpu_init.o)
 .debug_abbrev  0x0000000000001fcc      0x2ed out/lpc4337_m4/libchip.a(uart_18xx_43xx.o)
 .debug_abbrev  0x00000000000022b9      0x2cf out/lpc4337_m4/libchip.a(clock_18xx_43xx.o)
 .debug_abbrev  0x0000000000002588      0x166 out/lpc4337_m4/libchip.a(chip_18xx_43xx.o)
 .debug_abbrev  0x00000000000026ee      0x13f out/lpc4337_m4/libchip.a(gpio_18xx_43xx.o)

.debug_aranges  0x0000000000000000      0xa68
 .debug_aranges
                0x0000000000000000       0xc0 out/lpc4337_m4/obj/DiC_OS_Kernel.o
 .debug_aranges
                0x00000000000000c0       0x38 out/lpc4337_m4/obj/main.o
 .debug_aranges
                0x00000000000000f8      0x1e8 out/lpc4337_m4/obj/DiC_OS_Interrupts.o
 .debug_aranges
                0x00000000000002e0       0x50 out/lpc4337_m4/obj/DiC_OS_API.o
 .debug_aranges
                0x0000000000000330       0x80 out/lpc4337_m4/obj/DiC_OS_Tasks.o
 .debug_aranges
                0x00000000000003b0       0x20 out/lpc4337_m4/obj/PendSV_Handler.o
 .debug_aranges
                0x00000000000003d0       0x80 out/lpc4337_m4/libbase.a(cr_startup_lpc43xx.o)
 .debug_aranges
                0x0000000000000450       0x20 out/lpc4337_m4/libbase.a(sysinit.o)
 .debug_aranges
                0x0000000000000470      0x138 out/lpc4337_m4/libboard.a(board.o)
 .debug_aranges
                0x00000000000005a8       0x40 out/lpc4337_m4/libboard.a(board_sysinit.o)
 .debug_aranges
                0x00000000000005e8       0xb8 out/lpc4337_m4/libsapi_rtos.a(sapi_uart.o)
 .debug_aranges
                0x00000000000006a0       0x60 out/lpc4337_m4/libsapi_rtos.a(sapi_gpio.o)
 .debug_aranges
                0x0000000000000700       0x50 out/lpc4337_m4/libchip.a(sysinit_18xx_43xx.o)
 .debug_aranges
                0x0000000000000750       0x20 out/lpc4337_m4/libchip.a(fpu_init.o)
 .debug_aranges
                0x0000000000000770      0x118 out/lpc4337_m4/libchip.a(uart_18xx_43xx.o)
 .debug_aranges
                0x0000000000000888      0x138 out/lpc4337_m4/libchip.a(clock_18xx_43xx.o)
 .debug_aranges
                0x00000000000009c0       0x40 out/lpc4337_m4/libchip.a(chip_18xx_43xx.o)
 .debug_aranges
                0x0000000000000a00       0x68 out/lpc4337_m4/libchip.a(gpio_18xx_43xx.o)

.debug_ranges   0x0000000000000000      0x968
 .debug_ranges  0x0000000000000000       0xb0 out/lpc4337_m4/obj/DiC_OS_Kernel.o
 .debug_ranges  0x00000000000000b0       0x28 out/lpc4337_m4/obj/main.o
 .debug_ranges  0x00000000000000d8      0x1d8 out/lpc4337_m4/obj/DiC_OS_Interrupts.o
 .debug_ranges  0x00000000000002b0       0x40 out/lpc4337_m4/obj/DiC_OS_API.o
 .debug_ranges  0x00000000000002f0       0x70 out/lpc4337_m4/obj/DiC_OS_Tasks.o
 .debug_ranges  0x0000000000000360       0x70 out/lpc4337_m4/libbase.a(cr_startup_lpc43xx.o)
 .debug_ranges  0x00000000000003d0       0x10 out/lpc4337_m4/libbase.a(sysinit.o)
 .debug_ranges  0x00000000000003e0      0x128 out/lpc4337_m4/libboard.a(board.o)
 .debug_ranges  0x0000000000000508       0x30 out/lpc4337_m4/libboard.a(board_sysinit.o)
 .debug_ranges  0x0000000000000538       0xa8 out/lpc4337_m4/libsapi_rtos.a(sapi_uart.o)
 .debug_ranges  0x00000000000005e0       0x50 out/lpc4337_m4/libsapi_rtos.a(sapi_gpio.o)
 .debug_ranges  0x0000000000000630       0x40 out/lpc4337_m4/libchip.a(sysinit_18xx_43xx.o)
 .debug_ranges  0x0000000000000670       0x10 out/lpc4337_m4/libchip.a(fpu_init.o)
 .debug_ranges  0x0000000000000680      0x120 out/lpc4337_m4/libchip.a(uart_18xx_43xx.o)
 .debug_ranges  0x00000000000007a0      0x140 out/lpc4337_m4/libchip.a(clock_18xx_43xx.o)
 .debug_ranges  0x00000000000008e0       0x30 out/lpc4337_m4/libchip.a(chip_18xx_43xx.o)
 .debug_ranges  0x0000000000000910       0x58 out/lpc4337_m4/libchip.a(gpio_18xx_43xx.o)

.debug_macro    0x0000000000000000     0x9a21
 .debug_macro   0x0000000000000000      0x49c out/lpc4337_m4/obj/DiC_OS_Kernel.o
 .debug_macro   0x000000000000049c      0xa84 out/lpc4337_m4/obj/DiC_OS_Kernel.o
 .debug_macro   0x0000000000000f20       0x22 out/lpc4337_m4/obj/DiC_OS_Kernel.o
 .debug_macro   0x0000000000000f42       0x8e out/lpc4337_m4/obj/DiC_OS_Kernel.o
 .debug_macro   0x0000000000000fd0       0x51 out/lpc4337_m4/obj/DiC_OS_Kernel.o
 .debug_macro   0x0000000000001021       0xef out/lpc4337_m4/obj/DiC_OS_Kernel.o
 .debug_macro   0x0000000000001110       0x6a out/lpc4337_m4/obj/DiC_OS_Kernel.o
 .debug_macro   0x000000000000117a      0x1df out/lpc4337_m4/obj/DiC_OS_Kernel.o
 .debug_macro   0x0000000000001359       0x22 out/lpc4337_m4/obj/DiC_OS_Kernel.o
 .debug_macro   0x000000000000137b       0x10 out/lpc4337_m4/obj/DiC_OS_Kernel.o
 .debug_macro   0x000000000000138b       0x81 out/lpc4337_m4/obj/DiC_OS_Kernel.o
 .debug_macro   0x000000000000140c       0x28 out/lpc4337_m4/obj/DiC_OS_Kernel.o
 .debug_macro   0x0000000000001434       0x3b out/lpc4337_m4/obj/DiC_OS_Kernel.o
 .debug_macro   0x000000000000146f       0x2d out/lpc4337_m4/obj/DiC_OS_Kernel.o
 .debug_macro   0x000000000000149c       0x42 out/lpc4337_m4/obj/DiC_OS_Kernel.o
 .debug_macro   0x00000000000014de      0xd39 out/lpc4337_m4/obj/DiC_OS_Kernel.o
 .debug_macro   0x0000000000002217      0x2bc out/lpc4337_m4/obj/DiC_OS_Kernel.o
 .debug_macro   0x00000000000024d3      0x112 out/lpc4337_m4/obj/DiC_OS_Kernel.o
 .debug_macro   0x00000000000025e5       0x11 out/lpc4337_m4/obj/DiC_OS_Kernel.o
 .debug_macro   0x00000000000025f6       0x2a out/lpc4337_m4/obj/DiC_OS_Kernel.o
 .debug_macro   0x0000000000002620       0x16 out/lpc4337_m4/obj/DiC_OS_Kernel.o
 .debug_macro   0x0000000000002636      0x2e6 out/lpc4337_m4/obj/DiC_OS_Kernel.o
 .debug_macro   0x000000000000291c       0x82 out/lpc4337_m4/obj/DiC_OS_Kernel.o
 .debug_macro   0x000000000000299e      0x13d out/lpc4337_m4/obj/DiC_OS_Kernel.o
 .debug_macro   0x0000000000002adb      0x198 out/lpc4337_m4/obj/DiC_OS_Kernel.o
 .debug_macro   0x0000000000002c73       0x34 out/lpc4337_m4/obj/DiC_OS_Kernel.o
 .debug_macro   0x0000000000002ca7       0x58 out/lpc4337_m4/obj/DiC_OS_Kernel.o
 .debug_macro   0x0000000000002cff      0x236 out/lpc4337_m4/obj/DiC_OS_Kernel.o
 .debug_macro   0x0000000000002f35      0x572 out/lpc4337_m4/obj/DiC_OS_Kernel.o
 .debug_macro   0x00000000000034a7       0x16 out/lpc4337_m4/obj/DiC_OS_Kernel.o
 .debug_macro   0x00000000000034bd      0x18a out/lpc4337_m4/obj/DiC_OS_Kernel.o
 .debug_macro   0x0000000000003647       0x88 out/lpc4337_m4/obj/DiC_OS_Kernel.o
 .debug_macro   0x00000000000036cf      0x1b9 out/lpc4337_m4/obj/DiC_OS_Kernel.o
 .debug_macro   0x0000000000003888      0x1da out/lpc4337_m4/obj/DiC_OS_Kernel.o
 .debug_macro   0x0000000000003a62       0x40 out/lpc4337_m4/obj/DiC_OS_Kernel.o
 .debug_macro   0x0000000000003aa2       0x1c out/lpc4337_m4/obj/DiC_OS_Kernel.o
 .debug_macro   0x0000000000003abe       0x2e out/lpc4337_m4/obj/DiC_OS_Kernel.o
 .debug_macro   0x0000000000003aec       0x2e out/lpc4337_m4/obj/DiC_OS_Kernel.o
 .debug_macro   0x0000000000003b1a       0x22 out/lpc4337_m4/obj/DiC_OS_Kernel.o
 .debug_macro   0x0000000000003b3c      0x201 out/lpc4337_m4/obj/DiC_OS_Kernel.o
 .debug_macro   0x0000000000003d3d       0xe0 out/lpc4337_m4/obj/DiC_OS_Kernel.o
 .debug_macro   0x0000000000003e1d      0x34c out/lpc4337_m4/obj/DiC_OS_Kernel.o
 .debug_macro   0x0000000000004169       0xdc out/lpc4337_m4/obj/DiC_OS_Kernel.o
 .debug_macro   0x0000000000004245       0xc4 out/lpc4337_m4/obj/DiC_OS_Kernel.o
 .debug_macro   0x0000000000004309       0x94 out/lpc4337_m4/obj/DiC_OS_Kernel.o
 .debug_macro   0x000000000000439d       0xb8 out/lpc4337_m4/obj/DiC_OS_Kernel.o
 .debug_macro   0x0000000000004455       0x4c out/lpc4337_m4/obj/DiC_OS_Kernel.o
 .debug_macro   0x00000000000044a1       0x16 out/lpc4337_m4/obj/DiC_OS_Kernel.o
 .debug_macro   0x00000000000044b7      0x328 out/lpc4337_m4/obj/DiC_OS_Kernel.o
 .debug_macro   0x00000000000047df       0x3a out/lpc4337_m4/obj/DiC_OS_Kernel.o
 .debug_macro   0x0000000000004819       0xd0 out/lpc4337_m4/obj/DiC_OS_Kernel.o
 .debug_macro   0x00000000000048e9       0x18 out/lpc4337_m4/obj/DiC_OS_Kernel.o
 .debug_macro   0x0000000000004901       0x22 out/lpc4337_m4/obj/DiC_OS_Kernel.o
 .debug_macro   0x0000000000004923       0x40 out/lpc4337_m4/obj/DiC_OS_Kernel.o
 .debug_macro   0x0000000000004963       0x9a out/lpc4337_m4/obj/DiC_OS_Kernel.o
 .debug_macro   0x00000000000049fd       0x5e out/lpc4337_m4/obj/DiC_OS_Kernel.o
 .debug_macro   0x0000000000004a5b       0x18 out/lpc4337_m4/obj/DiC_OS_Kernel.o
 .debug_macro   0x0000000000004a73       0x35 out/lpc4337_m4/obj/DiC_OS_Kernel.o
 .debug_macro   0x0000000000004aa8       0x34 out/lpc4337_m4/obj/DiC_OS_Kernel.o
 .debug_macro   0x0000000000004adc       0x16 out/lpc4337_m4/obj/DiC_OS_Kernel.o
 .debug_macro   0x0000000000004af2       0x97 out/lpc4337_m4/obj/DiC_OS_Kernel.o
 .debug_macro   0x0000000000004b89      0x330 out/lpc4337_m4/obj/DiC_OS_Kernel.o
 .debug_macro   0x0000000000004eb9       0xfd out/lpc4337_m4/obj/DiC_OS_Kernel.o
 .debug_macro   0x0000000000004fb6       0x10 out/lpc4337_m4/obj/DiC_OS_Kernel.o
 .debug_macro   0x0000000000004fc6       0x58 out/lpc4337_m4/obj/DiC_OS_Kernel.o
 .debug_macro   0x000000000000501e       0x1f out/lpc4337_m4/obj/DiC_OS_Kernel.o
 .debug_macro   0x000000000000503d       0x43 out/lpc4337_m4/obj/DiC_OS_Kernel.o
 .debug_macro   0x0000000000005080       0x20 out/lpc4337_m4/obj/DiC_OS_Kernel.o
 .debug_macro   0x00000000000050a0      0x18e out/lpc4337_m4/obj/DiC_OS_Kernel.o
 .debug_macro   0x000000000000522e       0x10 out/lpc4337_m4/obj/DiC_OS_Kernel.o
 .debug_macro   0x000000000000523e       0x1c out/lpc4337_m4/obj/DiC_OS_Kernel.o
 .debug_macro   0x000000000000525a       0x52 out/lpc4337_m4/obj/DiC_OS_Kernel.o
 .debug_macro   0x00000000000052ac       0x40 out/lpc4337_m4/obj/DiC_OS_Kernel.o
 .debug_macro   0x00000000000052ec       0x10 out/lpc4337_m4/obj/DiC_OS_Kernel.o
 .debug_macro   0x00000000000052fc       0x40 out/lpc4337_m4/obj/DiC_OS_Kernel.o
 .debug_macro   0x000000000000533c       0xd7 out/lpc4337_m4/obj/DiC_OS_Kernel.o
 .debug_macro   0x0000000000005413       0x1c out/lpc4337_m4/obj/DiC_OS_Kernel.o
 .debug_macro   0x000000000000542f       0x3d out/lpc4337_m4/obj/DiC_OS_Kernel.o
 .debug_macro   0x000000000000546c       0x16 out/lpc4337_m4/obj/DiC_OS_Kernel.o
 .debug_macro   0x0000000000005482      0x16f out/lpc4337_m4/obj/DiC_OS_Kernel.o
 .debug_macro   0x00000000000055f1       0x20 out/lpc4337_m4/obj/DiC_OS_Kernel.o
 .debug_macro   0x0000000000005611       0x28 out/lpc4337_m4/obj/DiC_OS_Kernel.o
 .debug_macro   0x0000000000005639       0xac out/lpc4337_m4/obj/DiC_OS_Kernel.o
 .debug_macro   0x00000000000056e5      0x5da out/lpc4337_m4/obj/main.o
 .debug_macro   0x0000000000005cbf       0x7b out/lpc4337_m4/obj/main.o
 .debug_macro   0x0000000000005d3a       0x2e out/lpc4337_m4/obj/main.o
 .debug_macro   0x0000000000005d68       0x16 out/lpc4337_m4/obj/main.o
 .debug_macro   0x0000000000005d7e       0x3a out/lpc4337_m4/obj/main.o
 .debug_macro   0x0000000000005db8       0x10 out/lpc4337_m4/obj/main.o
 .debug_macro   0x0000000000005dc8       0x3a out/lpc4337_m4/obj/main.o
 .debug_macro   0x0000000000005e02       0x70 out/lpc4337_m4/obj/main.o
 .debug_macro   0x0000000000005e72       0x6a out/lpc4337_m4/obj/main.o
 .debug_macro   0x0000000000005edc       0x1c out/lpc4337_m4/obj/main.o
 .debug_macro   0x0000000000005ef8       0x10 out/lpc4337_m4/obj/main.o
 .debug_macro   0x0000000000005f08       0x7c out/lpc4337_m4/obj/main.o
 .debug_macro   0x0000000000005f84       0x70 out/lpc4337_m4/obj/main.o
 .debug_macro   0x0000000000005ff4       0x5e out/lpc4337_m4/obj/main.o
 .debug_macro   0x0000000000006052       0xb2 out/lpc4337_m4/obj/main.o
 .debug_macro   0x0000000000006104       0x16 out/lpc4337_m4/obj/main.o
 .debug_macro   0x000000000000611a       0x28 out/lpc4337_m4/obj/main.o
 .debug_macro   0x0000000000006142      0x5a5 out/lpc4337_m4/obj/DiC_OS_Interrupts.o
 .debug_macro   0x00000000000066e7       0xa0 out/lpc4337_m4/obj/DiC_OS_Interrupts.o
 .debug_macro   0x0000000000006787       0x28 out/lpc4337_m4/obj/DiC_OS_Interrupts.o
 .debug_macro   0x00000000000067af      0x4a5 out/lpc4337_m4/obj/DiC_OS_API.o
 .debug_macro   0x0000000000006c54      0x5bb out/lpc4337_m4/obj/DiC_OS_Tasks.o
 .debug_macro   0x000000000000720f       0x23 out/lpc4337_m4/libbase.a(cr_startup_lpc43xx.o)
 .debug_macro   0x0000000000007232      0x493 out/lpc4337_m4/libbase.a(sysinit.o)
 .debug_macro   0x00000000000076c5      0x4c7 out/lpc4337_m4/libboard.a(board.o)
 .debug_macro   0x0000000000007b8c       0x16 out/lpc4337_m4/libboard.a(board.o)
 .debug_macro   0x0000000000007ba2       0x35 out/lpc4337_m4/libboard.a(board.o)
 .debug_macro   0x0000000000007bd7       0x12 out/lpc4337_m4/libboard.a(board.o)
 .debug_macro   0x0000000000007be9      0x493 out/lpc4337_m4/libboard.a(board_sysinit.o)
 .debug_macro   0x000000000000807c      0x4f3 out/lpc4337_m4/libsapi_rtos.a(sapi_uart.o)
 .debug_macro   0x000000000000856f       0x10 out/lpc4337_m4/libsapi_rtos.a(sapi_uart.o)
 .debug_macro   0x000000000000857f      0x4b0 out/lpc4337_m4/libsapi_rtos.a(sapi_gpio.o)
 .debug_macro   0x0000000000008a2f      0x301 out/lpc4337_m4/libchip.a(sysinit_18xx_43xx.o)
 .debug_macro   0x0000000000008d30       0xe7 out/lpc4337_m4/libchip.a(fpu_init.o)
 .debug_macro   0x0000000000008e17      0x301 out/lpc4337_m4/libchip.a(uart_18xx_43xx.o)
 .debug_macro   0x0000000000009118      0x307 out/lpc4337_m4/libchip.a(clock_18xx_43xx.o)
 .debug_macro   0x000000000000941f      0x301 out/lpc4337_m4/libchip.a(chip_18xx_43xx.o)
 .debug_macro   0x0000000000009720      0x301 out/lpc4337_m4/libchip.a(gpio_18xx_43xx.o)

.debug_line     0x0000000000000000     0x997a
 .debug_line    0x0000000000000000      0xb22 out/lpc4337_m4/obj/DiC_OS_Kernel.o
 .debug_line    0x0000000000000b22      0xad3 out/lpc4337_m4/obj/main.o
 .debug_line    0x00000000000015f5      0xe65 out/lpc4337_m4/obj/DiC_OS_Interrupts.o
 .debug_line    0x000000000000245a      0x915 out/lpc4337_m4/obj/DiC_OS_API.o
 .debug_line    0x0000000000002d6f      0xc35 out/lpc4337_m4/obj/DiC_OS_Tasks.o
 .debug_line    0x00000000000039a4       0x5d out/lpc4337_m4/obj/PendSV_Handler.o
 .debug_line    0x0000000000003a01      0x10d out/lpc4337_m4/libbase.a(cr_startup_lpc43xx.o)
 .debug_line    0x0000000000003b0e      0x81f out/lpc4337_m4/libbase.a(sysinit.o)
 .debug_line    0x000000000000432d      0xb81 out/lpc4337_m4/libboard.a(board.o)
 .debug_line    0x0000000000004eae      0x89b out/lpc4337_m4/libboard.a(board_sysinit.o)
 .debug_line    0x0000000000005749      0xada out/lpc4337_m4/libsapi_rtos.a(sapi_uart.o)
 .debug_line    0x0000000000006223      0x94f out/lpc4337_m4/libsapi_rtos.a(sapi_gpio.o)
 .debug_line    0x0000000000006b72      0x78e out/lpc4337_m4/libchip.a(sysinit_18xx_43xx.o)
 .debug_line    0x0000000000007300      0x2cc out/lpc4337_m4/libchip.a(fpu_init.o)
 .debug_line    0x00000000000075cc      0x9fe out/lpc4337_m4/libchip.a(uart_18xx_43xx.o)
 .debug_line    0x0000000000007fca      0xb1f out/lpc4337_m4/libchip.a(clock_18xx_43xx.o)
 .debug_line    0x0000000000008ae9      0x720 out/lpc4337_m4/libchip.a(chip_18xx_43xx.o)
 .debug_line    0x0000000000009209      0x771 out/lpc4337_m4/libchip.a(gpio_18xx_43xx.o)

.debug_str      0x0000000000000000    0x1e142
 .debug_str     0x0000000000000000    0x1a3b0 out/lpc4337_m4/obj/DiC_OS_Kernel.o
                                      0x1a6af (size before relaxing)
 .debug_str     0x000000000001a3b0     0x17e1 out/lpc4337_m4/obj/main.o
                                      0x1bca8 (size before relaxing)
 .debug_str     0x000000000001bb91      0x3f6 out/lpc4337_m4/obj/DiC_OS_Interrupts.o
                                      0x1bbec (size before relaxing)
 .debug_str     0x000000000001bf87       0xbd out/lpc4337_m4/obj/DiC_OS_API.o
                                      0x197c1 (size before relaxing)
 .debug_str     0x000000000001c044      0x2fa out/lpc4337_m4/obj/DiC_OS_Tasks.o
                                      0x1be73 (size before relaxing)
 .debug_str     0x000000000001c33e       0x2f out/lpc4337_m4/obj/PendSV_Handler.o
                                         0x4b (size before relaxing)
 .debug_str     0x000000000001c36d      0x216 out/lpc4337_m4/libbase.a(cr_startup_lpc43xx.o)
                                       0x2f5f (size before relaxing)
 .debug_str     0x000000000001c583       0x30 out/lpc4337_m4/libbase.a(sysinit.o)
                                      0x19438 (size before relaxing)
 .debug_str     0x000000000001c5b3      0x7bf out/lpc4337_m4/libboard.a(board.o)
                                      0x1a6eb (size before relaxing)
 .debug_str     0x000000000001cd72      0x1ce out/lpc4337_m4/libboard.a(board_sysinit.o)
                                      0x1a1da (size before relaxing)
 .debug_str     0x000000000001cf40      0x419 out/lpc4337_m4/libsapi_rtos.a(sapi_uart.o)
                                      0x1a97b (size before relaxing)
 .debug_str     0x000000000001d359      0x18e out/lpc4337_m4/libsapi_rtos.a(sapi_gpio.o)
                                      0x1a25e (size before relaxing)
 .debug_str     0x000000000001d4e7      0x19c out/lpc4337_m4/libchip.a(sysinit_18xx_43xx.o)
                                      0x15d53 (size before relaxing)
 .debug_str     0x000000000001d683       0xca out/lpc4337_m4/libchip.a(fpu_init.o)
                                       0x98f9 (size before relaxing)
 .debug_str     0x000000000001d74d      0x34d out/lpc4337_m4/libchip.a(uart_18xx_43xx.o)
                                      0x15ecc (size before relaxing)
 .debug_str     0x000000000001da9a      0x538 out/lpc4337_m4/libchip.a(clock_18xx_43xx.o)
                                      0x162fd (size before relaxing)
 .debug_str     0x000000000001dfd2       0x88 out/lpc4337_m4/libchip.a(chip_18xx_43xx.o)
                                      0x15d74 (size before relaxing)
 .debug_str     0x000000000001e05a       0xe8 out/lpc4337_m4/libchip.a(gpio_18xx_43xx.o)
                                      0x15190 (size before relaxing)

.comment        0x0000000000000000       0x7f
 .comment       0x0000000000000000       0x7f out/lpc4337_m4/obj/DiC_OS_Kernel.o
                                         0x80 (size before relaxing)
 .comment       0x000000000000007f       0x80 out/lpc4337_m4/obj/main.o
 .comment       0x000000000000007f       0x80 out/lpc4337_m4/obj/DiC_OS_Interrupts.o
 .comment       0x000000000000007f       0x80 out/lpc4337_m4/obj/DiC_OS_API.o
 .comment       0x000000000000007f       0x80 out/lpc4337_m4/obj/DiC_OS_Tasks.o
 .comment       0x000000000000007f       0x80 out/lpc4337_m4/libbase.a(cr_startup_lpc43xx.o)
 .comment       0x000000000000007f       0x80 out/lpc4337_m4/libbase.a(sysinit.o)
 .comment       0x000000000000007f       0x80 out/lpc4337_m4/libboard.a(board.o)
 .comment       0x000000000000007f       0x80 out/lpc4337_m4/libboard.a(board_sysinit.o)
 .comment       0x000000000000007f       0x80 out/lpc4337_m4/libsapi_rtos.a(sapi_uart.o)
 .comment       0x000000000000007f       0x80 out/lpc4337_m4/libsapi_rtos.a(sapi_gpio.o)
 .comment       0x000000000000007f       0x80 out/lpc4337_m4/libchip.a(sysinit_18xx_43xx.o)
 .comment       0x000000000000007f       0x80 out/lpc4337_m4/libchip.a(fpu_init.o)
 .comment       0x000000000000007f       0x80 out/lpc4337_m4/libchip.a(uart_18xx_43xx.o)
 .comment       0x000000000000007f       0x80 out/lpc4337_m4/libchip.a(clock_18xx_43xx.o)
 .comment       0x000000000000007f       0x80 out/lpc4337_m4/libchip.a(chip_18xx_43xx.o)
 .comment       0x000000000000007f       0x80 out/lpc4337_m4/libchip.a(gpio_18xx_43xx.o)

.ARM.attributes
                0x0000000000000000       0x35
 .ARM.attributes
                0x0000000000000000       0x37 out/lpc4337_m4/obj/DiC_OS_Kernel.o
 .ARM.attributes
                0x0000000000000037       0x37 out/lpc4337_m4/obj/main.o
 .ARM.attributes
                0x000000000000006e       0x37 out/lpc4337_m4/obj/DiC_OS_Interrupts.o
 .ARM.attributes
                0x00000000000000a5       0x37 out/lpc4337_m4/obj/DiC_OS_API.o
 .ARM.attributes
                0x00000000000000dc       0x37 out/lpc4337_m4/obj/DiC_OS_Tasks.o
 .ARM.attributes
                0x0000000000000113       0x25 out/lpc4337_m4/obj/PendSV_Handler.o
 .ARM.attributes
                0x0000000000000138       0x37 out/lpc4337_m4/libbase.a(cr_startup_lpc43xx.o)
 .ARM.attributes
                0x000000000000016f       0x37 out/lpc4337_m4/libbase.a(sysinit.o)
 .ARM.attributes
                0x00000000000001a6       0x37 out/lpc4337_m4/libboard.a(board.o)
 .ARM.attributes
                0x00000000000001dd       0x37 out/lpc4337_m4/libboard.a(board_sysinit.o)
 .ARM.attributes
                0x0000000000000214       0x37 out/lpc4337_m4/libsapi_rtos.a(sapi_uart.o)
 .ARM.attributes
                0x000000000000024b       0x37 out/lpc4337_m4/libsapi_rtos.a(sapi_gpio.o)
 .ARM.attributes
                0x0000000000000282       0x37 out/lpc4337_m4/libchip.a(sysinit_18xx_43xx.o)
 .ARM.attributes
                0x00000000000002b9       0x37 out/lpc4337_m4/libchip.a(fpu_init.o)
 .ARM.attributes
                0x00000000000002f0       0x37 out/lpc4337_m4/libchip.a(uart_18xx_43xx.o)
 .ARM.attributes
                0x0000000000000327       0x37 out/lpc4337_m4/libchip.a(clock_18xx_43xx.o)
 .ARM.attributes
                0x000000000000035e       0x37 out/lpc4337_m4/libchip.a(chip_18xx_43xx.o)
 .ARM.attributes
                0x0000000000000395       0x37 out/lpc4337_m4/libchip.a(gpio_18xx_43xx.o)
 .ARM.attributes
                0x00000000000003cc       0x32 /home/jaco/CIAA/gcc-arm-none-eabi-7-2018-q2-update/bin/../lib/gcc/arm-none-eabi/7.3.1/../../../../arm-none-eabi/lib/thumb/v7e-m/fpv4-sp/softfp/libc.a(lib_a-memset.o)

.debug_frame    0x0000000000000000     0x271c
 .debug_frame   0x0000000000000000      0x2e4 out/lpc4337_m4/obj/DiC_OS_Kernel.o
 .debug_frame   0x00000000000002e4       0x94 out/lpc4337_m4/obj/main.o
 .debug_frame   0x0000000000000378      0x6b4 out/lpc4337_m4/obj/DiC_OS_Interrupts.o
 .debug_frame   0x0000000000000a2c      0x118 out/lpc4337_m4/obj/DiC_OS_API.o
 .debug_frame   0x0000000000000b44      0x1d8 out/lpc4337_m4/obj/DiC_OS_Tasks.o
 .debug_frame   0x0000000000000d1c      0x170 out/lpc4337_m4/libbase.a(cr_startup_lpc43xx.o)
 .debug_frame   0x0000000000000e8c       0x34 out/lpc4337_m4/libbase.a(sysinit.o)
 .debug_frame   0x0000000000000ec0      0x534 out/lpc4337_m4/libboard.a(board.o)
 .debug_frame   0x00000000000013f4       0xbc out/lpc4337_m4/libboard.a(board_sysinit.o)
 .debug_frame   0x00000000000014b0      0x314 out/lpc4337_m4/libsapi_rtos.a(sapi_uart.o)
 .debug_frame   0x00000000000017c4      0x174 out/lpc4337_m4/libsapi_rtos.a(sapi_gpio.o)
 .debug_frame   0x0000000000001938       0xf4 out/lpc4337_m4/libchip.a(sysinit_18xx_43xx.o)
 .debug_frame   0x0000000000001a2c       0x38 out/lpc4337_m4/libchip.a(fpu_init.o)
 .debug_frame   0x0000000000001a64      0x4e0 out/lpc4337_m4/libchip.a(uart_18xx_43xx.o)
 .debug_frame   0x0000000000001f44      0x568 out/lpc4337_m4/libchip.a(clock_18xx_43xx.o)
 .debug_frame   0x00000000000024ac       0xa0 out/lpc4337_m4/libchip.a(chip_18xx_43xx.o)
 .debug_frame   0x000000000000254c      0x198 out/lpc4337_m4/libchip.a(gpio_18xx_43xx.o)
 .debug_frame   0x00000000000026e4       0x38 /home/jaco/CIAA/gcc-arm-none-eabi-7-2018-q2-update/bin/../lib/gcc/arm-none-eabi/7.3.1/../../../../arm-none-eabi/lib/thumb/v7e-m/fpv4-sp/softfp/libc.a(lib_a-memset.o)
